2026-01-21 13:43:27,414 - INFO - Creating new v2 session for user 'haexmas-demo' at 'https://demo-api.ig.com/gateway/deal'
2026-01-21 13:43:27,614 - INFO - POST '/session', resp 200
2026-01-21 13:43:27,614 - INFO - 🤖 IG Bot verbunden
2026-01-21 13:43:27,701 - INFO - GET '/markets/CS.D.EURUSD.CEAM.IP', resp 200
2026-01-21 13:43:27,702 - INFO - ✅ EUR/USD Mini bereit.
2026-01-21 13:43:27,805 - INFO - GET '/markets/CS.D.USDJPY.MINI.IP', resp 200
2026-01-21 13:43:27,806 - INFO - ✅ USD/JPY Mini bereit.
2026-01-21 13:43:27,879 - INFO - GET '/markets/CS.D.GBPUSD.MINI.IP', resp 200
2026-01-21 13:43:27,881 - INFO - ✅ GBP/USD Mini bereit.
2026-01-21 13:43:27,961 - INFO - GET '/markets/CS.D.AUDUSD.MINI.IP', resp 200
2026-01-21 13:43:27,962 - INFO - ✅ AUD/USD Mini bereit.
2026-01-21 13:43:28,055 - INFO - GET '/markets/CS.D.USDCHF.MINI.IP', resp 200
2026-01-21 13:43:28,055 - INFO - ✅ USD/CHF Mini bereit.
2026-01-21 13:43:28,145 - INFO - GET '/markets/CS.D.EURGBP.MINI.IP', resp 200
2026-01-21 13:43:28,146 - INFO - ✅ EUR/GBP Mini bereit.
2026-01-21 13:43:28,146 - INFO - 🚀 Bot im Scan-Modus gestartet.
2026-01-21 13:43:28,216 - INFO - GET '/positions', resp 200
2026-01-21 13:43:28,309 - INFO - PUT '/positions/otc/DIAAAAWCLVHKAAX', resp 200
2026-01-21 13:43:28,360 - INFO - GET '/confirms/3GJB4QM83AYTYM9', resp 200
2026-01-21 13:43:28,361 - INFO - 🔄 CS.D.USDJPY.MINI.IP SL-Update: 154.7
2026-01-21 13:43:28,435 - INFO - GET '/positions', resp 200
2026-01-21 13:43:28,443 - INFO - --- Scan-Intervall: 13:43 ---
2026-01-21 13:43:29,846 - INFO - GET '/positions', resp 200
2026-01-21 13:48:30,007 - INFO - GET '/positions', resp 200
2026-01-21 13:48:30,022 - INFO - --- Scan-Intervall: 13:48 ---
2026-01-21 13:48:30,979 - INFO - GET '/positions', resp 200
2026-01-21 13:53:31,222 - INFO - GET '/positions', resp 200
2026-01-21 13:53:31,228 - INFO - --- Scan-Intervall: 13:53 ---
2026-01-21 13:53:31,922 - INFO - GET '/positions', resp 200
2026-01-21 13:58:32,065 - INFO - GET '/positions', resp 200
2026-01-21 13:58:32,074 - INFO - --- Scan-Intervall: 13:58 ---
2026-01-21 13:58:33,597 - INFO - GET '/positions', resp 200
2026-01-21 14:03:33,826 - INFO - GET '/positions', resp 200
2026-01-21 14:03:33,848 - INFO - --- Scan-Intervall: 14:03 ---
2026-01-21 14:03:34,423 - INFO - GET '/positions', resp 200
2026-01-21 14:08:34,643 - INFO - GET '/positions', resp 200
2026-01-21 14:08:34,649 - INFO - --- Scan-Intervall: 14:08 ---
2026-01-21 14:08:35,075 - INFO - GET '/positions', resp 200
2026-01-21 14:13:35,315 - INFO - GET '/positions', resp 200
2026-01-21 14:13:35,332 - INFO - --- Scan-Intervall: 14:13 ---
2026-01-21 14:13:35,802 - INFO - GET '/positions', resp 200
2026-01-21 14:18:36,030 - INFO - GET '/positions', resp 200
2026-01-21 14:18:36,046 - INFO - --- Scan-Intervall: 14:18 ---
2026-01-21 14:18:36,854 - INFO - GET '/positions', resp 200
2026-01-21 14:23:37,107 - INFO - GET '/positions', resp 200
2026-01-21 14:23:37,135 - INFO - --- Scan-Intervall: 14:23 ---
2026-01-21 14:23:37,638 - INFO - GET '/positions', resp 200
2026-01-21 14:28:37,877 - INFO - GET '/positions', resp 200
2026-01-21 14:28:37,906 - INFO - --- Scan-Intervall: 14:28 ---
2026-01-21 14:28:38,567 - INFO - GET '/positions', resp 200
2026-01-21 14:33:38,712 - INFO - GET '/positions', resp 200
2026-01-21 14:33:38,746 - INFO - --- Scan-Intervall: 14:33 ---
2026-01-21 14:33:39,401 - INFO - GET '/positions', resp 200
2026-01-21 14:38:39,554 - INFO - GET '/positions', resp 200
2026-01-21 14:38:39,573 - INFO - --- Scan-Intervall: 14:38 ---
2026-01-21 14:38:40,208 - INFO - GET '/positions', resp 200
2026-01-21 14:43:40,449 - INFO - GET '/positions', resp 200
2026-01-21 14:43:40,459 - INFO - --- Scan-Intervall: 14:43 ---
2026-01-21 14:43:40,854 - INFO - GET '/positions', resp 200
2026-01-21 14:48:41,082 - INFO - GET '/positions', resp 200
2026-01-21 14:48:41,093 - INFO - --- Scan-Intervall: 14:48 ---
2026-01-21 14:48:42,636 - INFO - GET '/positions', resp 200
2026-01-21 14:53:42,910 - INFO - GET '/positions', resp 200
2026-01-21 14:53:42,922 - INFO - --- Scan-Intervall: 14:53 ---
2026-01-21 14:53:43,382 - INFO - GET '/positions', resp 200
2026-01-21 14:58:43,575 - INFO - GET '/positions', resp 200
2026-01-21 14:58:43,592 - INFO - --- Scan-Intervall: 14:58 ---
2026-01-21 14:58:44,544 - INFO - GET '/positions', resp 200
2026-01-21 15:03:44,795 - INFO - GET '/positions', resp 200
2026-01-21 15:03:44,810 - INFO - --- Scan-Intervall: 15:03 ---
2026-01-21 15:03:45,341 - INFO - GET '/positions', resp 200
2026-01-21 15:08:45,498 - INFO - GET '/positions', resp 200
2026-01-21 15:08:45,515 - INFO - --- Scan-Intervall: 15:08 ---
2026-01-21 15:08:45,933 - INFO - GET '/positions', resp 200
2026-01-21 15:13:46,181 - INFO - GET '/positions', resp 200
2026-01-21 15:13:46,196 - INFO - --- Scan-Intervall: 15:13 ---
2026-01-21 15:13:46,596 - INFO - GET '/positions', resp 200
2026-01-21 15:18:46,737 - INFO - GET '/positions', resp 200
2026-01-21 15:18:46,757 - INFO - --- Scan-Intervall: 15:18 ---
2026-01-21 15:18:47,227 - INFO - GET '/positions', resp 200
2026-01-21 15:23:47,416 - INFO - GET '/positions', resp 200
2026-01-21 15:23:47,431 - INFO - --- Scan-Intervall: 15:23 ---
2026-01-21 15:23:47,934 - INFO - GET '/positions', resp 200
2026-01-21 15:28:48,155 - INFO - GET '/positions', resp 200
2026-01-21 15:28:48,166 - INFO - --- Scan-Intervall: 15:28 ---
2026-01-21 15:28:48,658 - INFO - GET '/positions', resp 200
2026-01-21 15:33:48,912 - INFO - GET '/positions', resp 200
2026-01-21 15:33:48,929 - INFO - --- Scan-Intervall: 15:33 ---
2026-01-21 15:33:51,075 - INFO - GET '/positions', resp 200
2026-01-21 15:38:51,279 - INFO - GET '/positions', resp 200
2026-01-21 15:38:51,286 - INFO - --- Scan-Intervall: 15:38 ---
2026-01-21 15:38:53,110 - INFO - GET '/positions', resp 200
2026-01-21 15:43:53,362 - INFO - GET '/positions', resp 200
2026-01-21 15:43:53,373 - INFO - --- Scan-Intervall: 15:43 ---
2026-01-21 15:43:53,883 - INFO - GET '/positions', resp 200
2026-01-21 15:48:54,103 - INFO - GET '/positions', resp 200
2026-01-21 15:48:54,119 - INFO - --- Scan-Intervall: 15:48 ---
2026-01-21 15:48:54,641 - INFO - GET '/positions', resp 200
2026-01-21 15:53:54,829 - INFO - GET '/positions', resp 200
2026-01-21 15:53:54,850 - INFO - --- Scan-Intervall: 15:53 ---
2026-01-21 15:53:56,175 - INFO - GET '/positions', resp 200
2026-01-21 15:58:56,297 - INFO - GET '/positions', resp 200
2026-01-21 15:58:56,311 - INFO - --- Scan-Intervall: 15:58 ---
2026-01-21 15:58:56,917 - INFO - GET '/positions', resp 200
2026-01-21 16:03:57,096 - INFO - GET '/positions', resp 200
2026-01-21 16:03:57,108 - INFO - --- Scan-Intervall: 16:03 ---
2026-01-21 16:03:57,112 - ERROR - Analysefehler: negative dimensions are not allowed
2026-01-21 16:03:57,115 - ERROR - Analysefehler: negative dimensions are not allowed
2026-01-21 16:03:57,118 - ERROR - Analysefehler: negative dimensions are not allowed
2026-01-21 16:03:57,120 - ERROR - Analysefehler: negative dimensions are not allowed
2026-01-21 16:03:57,202 - INFO - GET '/positions', resp 200
2026-01-21 16:03:57,219 - ERROR - Fehler im Sicherheits-Audit: index 13 is out of bounds for axis 0 with size 0
2026-01-21 16:08:57,421 - INFO - GET '/positions', resp 200
2026-01-21 16:08:57,430 - INFO - --- Scan-Intervall: 16:08 ---
2026-01-21 16:08:57,433 - ERROR - Analysefehler: negative dimensions are not allowed
2026-01-21 16:08:57,437 - ERROR - Analysefehler: negative dimensions are not allowed
2026-01-21 16:08:57,439 - ERROR - Analysefehler: negative dimensions are not allowed
2026-01-21 16:08:57,442 - ERROR - Analysefehler: negative dimensions are not allowed
2026-01-21 16:08:57,514 - INFO - GET '/positions', resp 200
2026-01-21 16:08:57,535 - ERROR - Fehler im Sicherheits-Audit: index 13 is out of bounds for axis 0 with size 0
2026-01-21 16:13:57,628 - INFO - GET '/positions', resp 200
2026-01-21 16:13:57,633 - INFO - --- Scan-Intervall: 16:13 ---
2026-01-21 16:13:57,638 - ERROR - Analysefehler: negative dimensions are not allowed
2026-01-21 16:13:57,641 - ERROR - Analysefehler: negative dimensions are not allowed
2026-01-21 16:13:57,644 - ERROR - Analysefehler: negative dimensions are not allowed
2026-01-21 16:13:57,647 - ERROR - Analysefehler: negative dimensions are not allowed
2026-01-21 16:13:57,753 - INFO - GET '/positions', resp 200
2026-01-21 16:13:57,763 - ERROR - Fehler im Sicherheits-Audit: index 13 is out of bounds for axis 0 with size 0
2026-01-21 16:18:57,948 - INFO - GET '/positions', resp 200
2026-01-21 16:18:57,957 - INFO - --- Scan-Intervall: 16:18 ---
2026-01-21 16:18:57,960 - ERROR - Analysefehler: negative dimensions are not allowed
2026-01-21 16:18:57,963 - ERROR - Analysefehler: negative dimensions are not allowed
2026-01-21 16:18:57,966 - ERROR - Analysefehler: negative dimensions are not allowed
2026-01-21 16:18:57,968 - ERROR - Analysefehler: negative dimensions are not allowed
2026-01-21 16:18:58,032 - INFO - GET '/positions', resp 200
2026-01-21 16:18:58,039 - ERROR - Fehler im Sicherheits-Audit: index 13 is out of bounds for axis 0 with size 0
2026-01-21 16:23:58,232 - INFO - GET '/positions', resp 200
2026-01-21 16:23:58,249 - INFO - --- Scan-Intervall: 16:23 ---
2026-01-21 16:23:58,252 - WARNING - IG-Datenfehler für CS.D.EURUSD.CEAM.IP: Invalid frequency: DAY, failed to parse with error message: ValueError("Invalid frequency: DAY, failed to parse with error message: KeyError('DAY')"). Versuche Yahoo-Fallback...
2026-01-21 16:23:58,579 - ERROR - 
1 Failed download:
2026-01-21 16:23:58,580 - ERROR - ['EURUSD=X']: YFRateLimitError('Too Many Requests. Rate limited. Try after a while.')
2026-01-21 16:23:58,590 - ERROR - Analysefehler: negative dimensions are not allowed
2026-01-21 16:23:58,593 - WARNING - IG-Datenfehler für CS.D.GBPUSD.MINI.IP: Invalid frequency: DAY, failed to parse with error message: ValueError("Invalid frequency: DAY, failed to parse with error message: KeyError('DAY')"). Versuche Yahoo-Fallback...
2026-01-21 16:23:59,480 - WARNING - IG-Datenfehler für CS.D.AUDUSD.MINI.IP: Invalid frequency: DAY, failed to parse with error message: ValueError("Invalid frequency: DAY, failed to parse with error message: KeyError('DAY')"). Versuche Yahoo-Fallback...
2026-01-21 16:24:00,008 - ERROR - 
1 Failed download:
2026-01-21 16:24:00,010 - ERROR - ['AUDUSD=X']: YFRateLimitError('Too Many Requests. Rate limited. Try after a while.')
2026-01-21 16:24:00,018 - ERROR - Analysefehler: negative dimensions are not allowed
2026-01-21 16:24:00,020 - WARNING - IG-Datenfehler für CS.D.USDCHF.MINI.IP: Invalid frequency: DAY, failed to parse with error message: ValueError("Invalid frequency: DAY, failed to parse with error message: KeyError('DAY')"). Versuche Yahoo-Fallback...
2026-01-21 16:24:00,674 - INFO - GET '/accounts', resp 200
2026-01-21 16:24:00,760 - INFO - GET '/markets/CS.D.USDCHF.MINI.IP', resp 200
2026-01-21 16:24:00,813 - INFO - POST '/positions/otc', resp 200
2026-01-21 16:24:00,886 - INFO - GET '/confirms/SD8XR6CS6D8TYM9', resp 404
2026-01-21 16:24:00,887 - INFO - Deal reference SD8XR6CS6D8TYM9 not found, retrying.
2026-01-21 16:24:01,951 - INFO - GET '/confirms/SD8XR6CS6D8TYM9', resp 200
2026-01-21 16:24:04,521 - INFO - PUT '/positions/otc/DIAAAAWCYK7Y3AZ', resp 200
2026-01-21 16:24:04,570 - INFO - GET '/confirms/P4FA6ZWGU4YTYM9', resp 200
2026-01-21 16:24:04,570 - INFO - 🚀 CS.D.USDCHF.MINI.IP offen: SELL @ 0.79359 | SL: 0.8049 TP: 0.7709
2026-01-21 16:24:04,633 - INFO - GET '/positions', resp 200
2026-01-21 16:24:04,640 - WARNING - IG-Datenfehler für CS.D.USDJPY.MINI.IP: Invalid frequency: DAY, failed to parse with error message: ValueError("Invalid frequency: DAY, failed to parse with error message: KeyError('DAY')"). Versuche Yahoo-Fallback...
2026-01-21 16:24:13,215 - ERROR - 
1 Failed download:
2026-01-21 16:24:13,216 - ERROR - ['JPY=X']: TypeError("'NoneType' object is not subscriptable")
2026-01-21 16:24:13,226 - ERROR - Fehler im Sicherheits-Audit: index 13 is out of bounds for axis 0 with size 0
2026-01-21 16:45:10,243 - ERROR - Fehler im Haupt-Loop: ('Connection aborted.', RemoteDisconnected('Remote end closed connection without response'))
2026-01-21 16:50:17,106 - INFO - GET '/positions', resp 200
2026-01-21 16:50:17,132 - INFO - --- Scan-Intervall: 16:50 ---
2026-01-21 16:50:17,136 - WARNING - IG-Datenfehler für CS.D.EURUSD.CEAM.IP: Invalid frequency: DAY, failed to parse with error message: ValueError("Invalid frequency: DAY, failed to parse with error message: KeyError('DAY')"). Versuche Yahoo-Fallback...
2026-01-21 16:50:17,455 - WARNING - IG-Datenfehler für CS.D.GBPUSD.MINI.IP: Invalid frequency: DAY, failed to parse with error message: ValueError("Invalid frequency: DAY, failed to parse with error message: KeyError('DAY')"). Versuche Yahoo-Fallback...
2026-01-21 16:50:17,787 - WARNING - IG-Datenfehler für CS.D.AUDUSD.MINI.IP: Invalid frequency: DAY, failed to parse with error message: ValueError("Invalid frequency: DAY, failed to parse with error message: KeyError('DAY')"). Versuche Yahoo-Fallback...
2026-01-21 16:50:18,122 - INFO - GET '/positions', resp 200
2026-01-21 16:50:18,141 - WARNING - IG-Datenfehler für CS.D.USDJPY.MINI.IP: Invalid frequency: DAY, failed to parse with error message: ValueError("Invalid frequency: DAY, failed to parse with error message: KeyError('DAY')"). Versuche Yahoo-Fallback...
2026-01-21 16:50:18,739 - INFO - PUT '/positions/otc/DIAAAAWCLVHKAAX', resp 200
2026-01-21 16:50:18,823 - INFO - GET '/confirms/9463SJ9NEZLTYM9', resp 200
2026-01-21 16:50:18,824 - INFO - 🔄 CS.D.USDJPY.MINI.IP SL-Update: 155.04
2026-01-21 16:50:18,826 - WARNING - IG-Datenfehler für CS.D.EURGBP.MINI.IP: Invalid frequency: DAY, failed to parse with error message: ValueError("Invalid frequency: DAY, failed to parse with error message: KeyError('DAY')"). Versuche Yahoo-Fallback...
2026-01-21 16:50:19,151 - INFO - PUT '/positions/otc/DIAAAAWCLZ52CAC', resp 200
2026-01-21 16:50:19,222 - INFO - GET '/confirms/K9PWC8AFXHGTYM9', resp 200
2026-01-21 16:50:19,223 - INFO - 🔄 CS.D.EURGBP.MINI.IP SL-Update: 0.8819
2026-01-21 16:50:19,223 - WARNING - IG-Datenfehler für CS.D.USDCHF.MINI.IP: Invalid frequency: DAY, failed to parse with error message: ValueError("Invalid frequency: DAY, failed to parse with error message: KeyError('DAY')"). Versuche Yahoo-Fallback...
2026-01-21 16:55:20,969 - INFO - GET '/positions', resp 200
2026-01-21 16:55:20,993 - INFO - --- Scan-Intervall: 16:55 ---
2026-01-21 16:55:20,995 - WARNING - IG-Datenfehler für CS.D.EURUSD.CEAM.IP: Invalid frequency: DAY, failed to parse with error message: ValueError("Invalid frequency: DAY, failed to parse with error message: KeyError('DAY')"). Versuche Yahoo-Fallback...
2026-01-21 16:55:39,748 - WARNING - IG-Datenfehler für CS.D.GBPUSD.MINI.IP: Invalid frequency: DAY, failed to parse with error message: ValueError("Invalid frequency: DAY, failed to parse with error message: KeyError('DAY')"). Versuche Yahoo-Fallback...
2026-01-21 16:55:48,075 - WARNING - IG-Datenfehler für CS.D.AUDUSD.MINI.IP: Invalid frequency: DAY, failed to parse with error message: ValueError("Invalid frequency: DAY, failed to parse with error message: KeyError('DAY')"). Versuche Yahoo-Fallback...
